flat_walk:A3 {'status': 'found', 'ticks': 12, 'physics_steps': 269, 'same_as_expected': True, 'seconds': 0.08}
jump_up_straight:A3 {'status': 'found', 'ticks': 16, 'physics_steps': 482, 'same_as_expected': True, 'seconds': 0.1}
jump_gap_1:A3 {'status': 'found', 'ticks': 23, 'physics_steps': 661, 'same_as_expected': True, 'seconds': 0.18}
gap_start_1_width_1:A3 {'status': 'found', 'ticks': 23, 'physics_steps': 661, 'same_as_expected': True, 'seconds': 0.17}
gap_start_1_width_1:A5 {'status': 'found', 'ticks': 23, 'physics_steps': 784, 'same_as_expected': True, 'seconds': 0.2}
gap_start_1_width_1:A15 {'status': 'found', 'ticks': 23, 'physics_steps': 784, 'same_as_expected': True, 'seconds': 0.18}
gap_start_1_width_2:A3 {'status': 'found', 'ticks': 24, 'physics_steps': 1699, 'same_as_expected': True, 'seconds': 0.29}
gap_start_1_width_2:A5 {'status': 'found', 'ticks': 24, 'physics_steps': 2111, 'same_as_expected': True, 'seconds': 0.37}
gap_start_1_width_2:A15 {'status': 'found', 'ticks': 24, 'physics_steps': 2111, 'same_as_expected': True, 'seconds': 0.4}
gap_start_4_width_1:A3 {'status': 'found', 'ticks': 37, 'physics_steps': 1151, 'same_as_expected': True, 'seconds': 0.32}
gap_start_4_width_1:A5 {'status': 'found', 'ticks': 37, 'physics_steps': 1448, 'same_as_expected': True, 'seconds': 0.26}
gap_start_4_width_1:A15 {'status': 'found', 'ticks': 37, 'physics_steps': 1448, 'same_as_expected': True, 'seconds': 0.27}
gap_start_4_width_2:A3 {'status': 'found', 'ticks': 38, 'physics_steps': 1327, 'same_as_expected': True, 'seconds': 0.31}
gap_start_4_width_2:A5 {'status': 'found', 'ticks': 38, 'physics_steps': 1784, 'same_as_expected': True, 'seconds': 0.32}
gap_start_4_width_2:A15 {'status': 'found', 'ticks': 38, 'physics_steps': 1784, 'same_as_expected': True, 'seconds': 0.31}
gap_start_4_width_3:A5 {'status': 'found', 'ticks': 38, 'physics_steps': 2422, 'same_as_expected': True, 'seconds': 0.38}
gap_start_4_width_3:A15 {'status': 'found', 'ticks': 38, 'physics_steps': 2422, 'same_as_expected': True, 'seconds': 0.37}
flat_sprint:A5 {'status': 'found', 'ticks': 40, 'physics_steps': 2481, 'same_as_expected': True, 'seconds': 0.41}
turn_90:A15 {'status': 'found', 'ticks': 16, 'physics_steps': 435, 'same_as_expected': True, 'seconds': 0.12}
jump_up_after_turn:A15 {'status': 'found', 'ticks': 19, 'physics_steps': 1355, 'same_as_expected': True, 'seconds': 0.24}
jump_gap_continue:A3 {'status': 'found', 'ticks': 17, 'physics_steps': 536, 'same_as_expected': True, 'seconds': 0.17}
jump_up_after_turn_continue:A15 {'status': 'found', 'ticks': 12, 'physics_steps': 714, 'same_as_expected': True, 'seconds': 0.19}
mixed_ground_jump_air: {'status': 'found', 'ticks': 21, 'physics_steps': 10056, 'same_as_expected': True, 'seconds': 1.31}
