gap1 rest-L found 37 1448 0.35
gap1 rest-L found 37 1448 0.26
gap1 rest-R found 37 1448 0.24
gap1 rest-R found 37 1448 0.21
gap1 walk-C-s found 35 1404 0.29
gap1 walk-C-s found 35 1371 0.21
gap1 walk-L-n found 35 1404 0.21
gap1 walk-L-n found 35 1404 0.26
gap1 walk-R-p found 35 1404 0.2
gap1 walk-R-p found 35 1404 0.3
gap1 walk-L-p found 35 1404 0.27
gap1 walk-L-p found 34 1689 0.28
gap1 walk-R-n found 35 1406 0.21
gap1 walk-R-n found 35 1407 0.23
gap1 sprint-C-s found 33 5919 0.81
gap1 sprint-C-s found 33 5904 0.77
gap1 sprint-L-n found 33 22597 2.94
gap1 sprint-L-n found 33 5923 0.88
gap1 sprint-R-p found 33 5908 0.77
gap1 sprint-R-p found 33 10037 1.18
gap2 rest-L found 38 1784 0.34
gap2 rest-L found 38 1784 0.24
gap2 rest-R found 38 1784 0.28
gap2 rest-R found 38 1784 0.31
gap2 walk-C-s found 36 1862 0.25
gap2 walk-C-s found 36 1805 0.24
gap2 walk-L-n found 36 1838 0.26
gap2 walk-L-n found 36 1863 0.25
gap2 walk-R-p found 36 1838 0.25
gap2 walk-R-p found 36 1805 0.24
gap2 walk-L-p found 38 2023 0.3
gap2 walk-L-p found 36 1860 0.25
gap2 walk-R-n found 36 1838 0.25
gap2 walk-R-n found 36 1836 0.26
gap2 sprint-C-s found 33 27374 3.6
gap2 sprint-C-s found 35 8895 1.12
gap2 sprint-L-n found 35 14897 2.02
gap2 sprint-L-n found 35 15111 2.06
gap2 sprint-R-p found 35 9123 1.18
gap2 sprint-R-p found 35 9123 1.5
gap3 rest-L found 38 2422 0.47
gap3 rest-L found 38 2422 0.37
gap3 rest-R found 38 2422 0.41
gap3 rest-R found 38 2422 0.48
gap3 walk-C-s found 37 2666 0.48
gap3 walk-C-s found 37 2639 0.34
gap3 walk-L-n found 37 2658 0.34
gap3 walk-L-n found 37 2666 0.35
gap3 walk-R-p found 37 2666 0.38
gap3 walk-R-p found 37 2666 0.38
gap3 walk-L-p found 38 2810 0.42
gap3 walk-L-p found 37 2671 0.45
gap3 walk-R-n found 37 2666 0.38
gap3 walk-R-n found 37 2666 0.38
gap3 sprint-C-s found 35 7435 0.95
gap3 sprint-C-s found 35 7224 0.96
gap3 sprint-L-n found 35 7653 1.04
gap3 sprint-L-n found 35 7435 0.98
gap3 sprint-R-p found 35 7653 0.98
gap3 sprint-R-p found 35 7435 1.07
gap2c rest-L found 31 1115 0.43
gap2c rest-L found 31 1115 0.23
gap2c rest-R found 31 1115 0.19
gap2c rest-R found 31 1115 0.18
gap2c walk-C-s found 30 1128 0.19
gap2c walk-C-s found 30 1139 0.19
gap2c walk-L-n found 30 1128 0.19
gap2c walk-L-n found 30 1126 0.17
gap2c walk-R-p found 30 1128 0.19
gap2c walk-R-p found 30 1128 0.2
gap2c walk-L-p found 30 1128 0.27
gap2c walk-L-p found 31 1212 0.28
gap2c walk-R-n found 30 1126 0.19
gap2c walk-R-n found 30 1141 0.18
gap2c sprint-C-s found 28 22658 3.55
gap2c sprint-C-s found 28 22658 3.5
gap2c sprint-L-n found 28 11950 1.68
gap2c sprint-L-n found 27 44682 6.52
gap2c sprint-R-p found 28 11747 1.79
gap2c sprint-R-p found 28 11743 1.88
jumpup rest-L found 25 928 0.39
jumpup rest-L found 25 928 0.18
jumpup rest-R found 25 928 0.2
jumpup rest-R found 25 928 0.13
jumpup walk-C-s found 23 900 0.17
jumpup walk-C-s found 23 939 0.18
jumpup walk-L-n found 23 939 0.13
jumpup walk-L-n found 23 900 0.13
jumpup walk-R-p found 23 939 0.14
jumpup walk-R-p found 23 900 0.22
jumpup walk-L-p found 23 913 0.15
jumpup walk-L-p found 23 900 0.13
jumpup walk-R-n found 23 900 0.13
jumpup walk-R-n found 23 900 0.13
jumpup sprint-C-s found 23 860 0.13
jumpup sprint-C-s found 23 940 0.14
jumpup sprint-L-n found 23 940 0.18
jumpup sprint-L-n found 23 867 0.14
jumpup sprint-R-p found 23 940 0.16
jumpup sprint-R-p found 23 940 0.14
turn rest-L found 15 399 0.06
turn rest-L found 15 399 0.06
turn rest-R found 16 435 0.07
turn rest-R found 16 435 0.07
turn walk-C-s found 16 449 0.07
turn walk-C-s found 16 455 0.08
turn walk-L-n found 15 413 0.07
turn walk-L-n found 16 454 0.08
turn walk-R-p found 16 455 0.08
turn walk-R-p found 16 455 0.08
turn walk-L-p found 15 419 0.07
turn walk-L-p found 15 419 0.07
turn walk-R-n found 17 485 0.09
turn walk-R-n found 17 491 0.09
turn sprint-C-s found 16 455 0.08
turn sprint-C-s found 15 419 0.08
turn sprint-L-n found 16 455 0.09
turn sprint-L-n found 16 455 0.08
turn sprint-R-p found 16 455 0.08
turn sprint-R-p found 16 459 0.08
