16:58:31 [1/147] gap1/rest-C supported covered=200 cpu=83s maxsteps=24976
16:58:35 [2/147] gap1/rest-L supported covered=200 cpu=89s maxsteps=24990
16:59:59 [3/147] gap1/rest-R supported covered=200 cpu=86s maxsteps=24990
17:00:39 [4/147] gap1/walk-L-n supported covered=200 cpu=121s maxsteps=26061
17:02:15 [5/147] gap1/walk-L-s supported covered=200 cpu=124s maxsteps=25993
17:03:07 [6/147] gap1/walk-L-p supported covered=200 cpu=125s maxsteps=26085
17:05:22 [7/147] gap1/walk-C-n supported covered=200 cpu=139s maxsteps=26085
17:06:14 [8/147] gap1/walk-C-s supported covered=200 cpu=136s maxsteps=25973
17:08:25 [9/147] gap1/walk-C-p supported covered=200 cpu=138s maxsteps=26085
17:09:08 [10/147] gap1/walk-R-n supported covered=200 cpu=131s maxsteps=26085
17:11:03 [11/147] gap1/walk-R-s supported covered=200 cpu=126s maxsteps=25993
17:11:40 [12/147] gap1/walk-R-p supported covered=200 cpu=128s maxsteps=26061
17:13:09 [13/147] gap1/sprint-L-n supported covered=200 cpu=122s maxsteps=25967
17:13:54 [14/147] gap1/sprint-L-s supported covered=200 cpu=128s maxsteps=25971
17:15:15 [15/147] gap1/sprint-L-p supported covered=200 cpu=124s maxsteps=25971
17:15:52 [16/147] gap1/sprint-C-n supported covered=200 cpu=117s maxsteps=25925
17:17:08 [17/147] gap1/sprint-C-s supported covered=200 cpu=113s maxsteps=25925
17:17:45 [18/147] gap1/sprint-C-p supported covered=200 cpu=111s maxsteps=25925
17:19:06 [19/147] gap1/sprint-R-n supported covered=200 cpu=116s maxsteps=25971
17:19:46 [20/147] gap1/sprint-R-s supported covered=200 cpu=120s maxsteps=25971
17:21:03 [21/147] gap1/sprint-R-p supported covered=200 cpu=116s maxsteps=25967
17:21:06 [22/147] gap2/rest-L supported covered=200 cpu=79s maxsteps=27037
17:22:16 [23/147] gap2/rest-C supported covered=200 cpu=72s maxsteps=27027
17:22:25 [24/147] gap2/rest-R supported covered=200 cpu=78s maxsteps=27037
17:24:26 [25/147] gap2/walk-L-n supported covered=200 cpu=128s maxsteps=27559
17:24:38 [26/147] gap2/walk-L-s supported covered=200 cpu=131s maxsteps=27465
17:26:32 [27/147] gap2/walk-L-p supported covered=200 cpu=125s maxsteps=27567
17:26:44 [28/147] gap2/walk-C-n supported covered=200 cpu=124s maxsteps=27565
17:28:41 [29/147] gap2/walk-C-s supported covered=200 cpu=127s maxsteps=27463
17:28:51 [30/147] gap2/walk-C-p supported covered=200 cpu=126s maxsteps=27565
17:30:53 [31/147] gap2/walk-R-n supported covered=200 cpu=131s maxsteps=27567
17:31:04 [32/147] gap2/walk-R-s supported covered=200 cpu=131s maxsteps=27465
17:33:04 [33/147] gap2/walk-R-p supported covered=200 cpu=129s maxsteps=27559
17:33:07 [34/147] gap2/sprint-L-n supported covered=200 cpu=121s maxsteps=26920
17:35:01 [35/147] gap2/sprint-L-s supported covered=200 cpu=115s maxsteps=26763
17:35:02 [36/147] gap2/sprint-L-p supported covered=200 cpu=113s maxsteps=26928
17:36:51 [37/147] gap2/sprint-C-n supported covered=200 cpu=109s maxsteps=26918
17:36:57 [38/147] gap2/sprint-C-s supported covered=200 cpu=113s maxsteps=26753
17:38:46 [39/147] gap2/sprint-C-p supported covered=200 cpu=113s maxsteps=26918
17:38:51 [40/147] gap2/sprint-R-n supported covered=200 cpu=112s maxsteps=26928
17:40:43 [41/147] gap2/sprint-R-s supported covered=200 cpu=116s maxsteps=26763
17:40:52 [42/147] gap2/sprint-R-p supported covered=200 cpu=118s maxsteps=26920
17:41:37 [43/147] gap3/rest-L supported covered=200 cpu=54s maxsteps=31511
17:41:43 [44/147] gap3/rest-C supported covered=200 cpu=51s maxsteps=31509
17:42:36 [45/147] gap3/rest-R supported covered=200 cpu=57s maxsteps=31511
17:43:29 [46/147] gap3/walk-L-n supported covered=200 cpu=104s maxsteps=33499
17:44:20 [47/147] gap3/walk-L-s supported covered=200 cpu=103s maxsteps=33387
17:45:49 [48/147] gap3/walk-L-p supported covered=200 cpu=137s maxsteps=33499
17:46:02 [49/147] gap3/walk-C-n supported covered=200 cpu=101s maxsteps=33499
17:47:34 [50/147] gap3/walk-C-s supported covered=200 cpu=103s maxsteps=33385
17:47:48 [51/147] gap3/walk-C-p supported covered=200 cpu=105s maxsteps=33499
17:49:30 [52/147] gap3/walk-R-s supported covered=200 cpu=100s maxsteps=33387
17:49:51 [53/147] gap3/walk-R-n supported covered=200 cpu=134s maxsteps=33499
17:51:14 [54/147] gap3/walk-R-p supported covered=200 cpu=103s maxsteps=33499
17:51:25 [55/147] gap3/sprint-L-n supported covered=200 cpu=92s maxsteps=32819
17:52:46 [56/147] gap3/sprint-L-s supported covered=200 cpu=91s maxsteps=32695
17:52:58 [57/147] gap3/sprint-L-p supported covered=200 cpu=91s maxsteps=32817
17:54:18 [58/147] gap3/sprint-C-n supported covered=200 cpu=90s maxsteps=32817
17:54:29 [59/147] gap3/sprint-C-s supported covered=200 cpu=90s maxsteps=32695
17:55:53 [60/147] gap3/sprint-C-p supported covered=200 cpu=95s maxsteps=32817
17:56:03 [61/147] gap3/sprint-R-n supported covered=200 cpu=92s maxsteps=32817
17:57:27 [62/147] gap3/sprint-R-s supported covered=200 cpu=92s maxsteps=32695
17:57:37 [63/147] gap3/sprint-R-p supported covered=200 cpu=92s maxsteps=32819
17:58:29 [64/147] gap2c/rest-L supported covered=200 cpu=62s maxsteps=15068
17:58:36 [65/147] gap2c/rest-C supported covered=200 cpu=57s maxsteps=15076
17:59:33 [66/147] gap2c/rest-R supported covered=200 cpu=63s maxsteps=15068
18:00:09 [67/147] gap2c/walk-L-n supported covered=200 cpu=91s maxsteps=15455
18:01:10 [68/147] gap2c/walk-L-s supported covered=200 cpu=96s maxsteps=15410
18:01:51 [69/147] gap2c/walk-L-p supported covered=200 cpu=100s maxsteps=16527
18:02:50 [70/147] gap2c/walk-C-n supported covered=200 cpu=98s maxsteps=15451
18:03:37 [71/147] gap2c/walk-C-s supported covered=200 cpu=104s maxsteps=15402
18:04:34 [72/147] gap2c/walk-C-p supported covered=200 cpu=103s maxsteps=15451
18:05:19 [73/147] gap2c/walk-R-n supported covered=200 cpu=101s maxsteps=16527
18:06:13 [74/147] gap2c/walk-R-s supported covered=200 cpu=98s maxsteps=15410
18:06:50 [75/147] gap2c/walk-R-p supported covered=200 cpu=90s maxsteps=15455
18:07:42 [76/147] gap2c/sprint-L-n supported covered=200 cpu=87s maxsteps=15004
18:08:25 [77/147] gap2c/sprint-L-s supported covered=200 cpu=93s maxsteps=14939
18:09:15 [78/147] gap2c/sprint-L-p supported covered=200 cpu=93s maxsteps=16072
18:09:56 [79/147] gap2c/sprint-C-n supported covered=200 cpu=90s maxsteps=15004
18:10:47 [80/147] gap2c/sprint-C-s supported covered=200 cpu=91s maxsteps=14923
18:11:28 [81/147] gap2c/sprint-C-p supported covered=200 cpu=91s maxsteps=15004
18:12:19 [82/147] gap2c/sprint-R-n supported covered=200 cpu=91s maxsteps=16072
18:13:01 [83/147] gap2c/sprint-R-s supported covered=200 cpu=92s maxsteps=14939
18:13:49 [84/147] jumpup/rest-L supported covered=200 cpu=47s maxsteps=10694
18:13:53 [85/147] gap2c/sprint-R-p supported covered=200 cpu=93s maxsteps=15004
18:14:37 [86/147] jumpup/rest-C supported covered=200 cpu=48s maxsteps=10670
18:14:40 [87/147] jumpup/rest-R supported covered=200 cpu=47s maxsteps=10694
18:15:53 [88/147] jumpup/walk-L-n supported covered=200 cpu=75s maxsteps=8345
18:15:54 [89/147] jumpup/walk-L-s supported covered=200 cpu=72s maxsteps=8345
18:17:06 [90/147] jumpup/walk-L-p supported covered=200 cpu=73s maxsteps=8345
18:17:06 [91/147] jumpup/walk-C-n supported covered=200 cpu=72s maxsteps=8345
18:18:17 [92/147] jumpup/walk-C-s supported covered=200 cpu=70s maxsteps=8345
18:18:18 [93/147] jumpup/walk-C-p supported covered=200 cpu=71s maxsteps=8345
18:19:30 [94/147] jumpup/walk-R-s supported covered=200 cpu=71s maxsteps=8345
18:19:31 [95/147] jumpup/walk-R-n supported covered=200 cpu=73s maxsteps=8345
18:20:40 [96/147] jumpup/sprint-L-n supported covered=200 cpu=68s maxsteps=7658
18:20:45 [97/147] jumpup/walk-R-p supported covered=200 cpu=75s maxsteps=8345
18:21:54 [98/147] jumpup/sprint-L-s supported covered=200 cpu=73s maxsteps=7630
18:22:01 [99/147] jumpup/sprint-L-p supported covered=200 cpu=74s maxsteps=7678
18:23:11 [100/147] jumpup/sprint-C-n supported covered=200 cpu=76s maxsteps=7664
18:23:16 [101/147] jumpup/sprint-C-s supported covered=200 cpu=75s maxsteps=7624
18:24:28 [102/147] jumpup/sprint-C-p supported covered=200 cpu=76s maxsteps=7664
18:24:35 [103/147] jumpup/sprint-R-n supported covered=200 cpu=77s maxsteps=7678
18:25:40 [104/147] jumpup/sprint-R-s supported covered=200 cpu=71s maxsteps=7630
18:25:46 [105/147] jumpup/sprint-R-p supported covered=200 cpu=71s maxsteps=7658
18:26:03 [106/147] turn/rest-L supported covered=200 cpu=23s maxsteps=278
18:26:10 [107/147] turn/rest-C supported covered=200 cpu=24s maxsteps=280
18:26:28 [108/147] turn/rest-R supported covered=200 cpu=25s maxsteps=280
18:26:39 [109/147] turn/walk-L-n supported covered=200 cpu=29s maxsteps=284
18:26:57 [110/147] turn/walk-L-s supported covered=200 cpu=29s maxsteps=284
18:27:07 [111/147] turn/walk-L-p supported covered=200 cpu=28s maxsteps=284
18:27:27 [112/147] turn/walk-C-n supported covered=200 cpu=30s maxsteps=284
18:27:37 [113/147] turn/walk-C-s supported covered=200 cpu=29s maxsteps=284
18:27:56 [114/147] turn/walk-C-p supported covered=200 cpu=29s maxsteps=284
18:28:07 [115/147] turn/walk-R-n supported covered=200 cpu=30s maxsteps=286
18:28:27 [116/147] turn/walk-R-s supported covered=200 cpu=31s maxsteps=286
18:28:37 [117/147] turn/walk-R-p supported covered=200 cpu=30s maxsteps=286
18:28:57 [118/147] turn/sprint-L-n supported covered=200 cpu=29s maxsteps=286
18:29:07 [119/147] turn/sprint-L-s supported covered=200 cpu=30s maxsteps=286
18:29:30 [120/147] turn/sprint-L-p supported covered=200 cpu=32s maxsteps=284
18:29:40 [121/147] turn/sprint-C-n supported covered=200 cpu=33s maxsteps=286
18:30:03 [122/147] turn/sprint-C-s supported covered=200 cpu=33s maxsteps=286
18:30:13 [123/147] turn/sprint-C-p supported covered=200 cpu=32s maxsteps=288
18:30:37 [124/147] turn/sprint-R-n supported covered=200 cpu=33s maxsteps=288
18:30:45 [125/147] turn/sprint-R-s supported covered=200 cpu=32s maxsteps=288
18:30:59 [126/147] gap5/rest-L unsupported covered=None cpu=13s maxsteps=39636
18:31:10 [127/147] turn/sprint-R-p supported covered=200 cpu=32s maxsteps=288
18:31:13 [128/147] gap5/rest-C unsupported covered=None cpu=14s maxsteps=39636
18:31:25 [129/147] gap5/rest-R unsupported covered=None cpu=15s maxsteps=39636
18:32:02 [130/147] gap5/walk-L-n unsupported covered=None cpu=48s maxsteps=44708
18:32:13 [131/147] gap5/walk-L-s unsupported covered=None cpu=48s maxsteps=44708
18:32:51 [132/147] gap5/walk-L-p unsupported covered=None cpu=49s maxsteps=44708
18:33:03 [133/147] gap5/walk-C-n unsupported covered=None cpu=49s maxsteps=44708
18:33:39 [134/147] gap5/walk-C-s unsupported covered=None cpu=47s maxsteps=44708
18:33:51 [135/147] gap5/walk-C-p unsupported covered=None cpu=47s maxsteps=44708
18:34:27 [136/147] gap5/walk-R-n unsupported covered=None cpu=47s maxsteps=44708
18:34:38 [137/147] gap5/walk-R-s unsupported covered=None cpu=47s maxsteps=44708
18:35:15 [138/147] gap5/walk-R-p unsupported covered=None cpu=48s maxsteps=44708
18:35:26 [139/147] gap5/sprint-L-n unsupported covered=None cpu=47s maxsteps=44748
18:36:03 [140/147] gap5/sprint-L-s unsupported covered=None cpu=47s maxsteps=44748
18:36:13 [141/147] gap5/sprint-L-p unsupported covered=None cpu=46s maxsteps=44748
18:36:49 [142/147] gap5/sprint-C-n unsupported covered=None cpu=46s maxsteps=44748
18:36:59 [143/147] gap5/sprint-C-s unsupported covered=None cpu=46s maxsteps=44748
18:37:35 [144/147] gap5/sprint-C-p unsupported covered=None cpu=46s maxsteps=44748
18:37:47 [145/147] gap5/sprint-R-n unsupported covered=None cpu=47s maxsteps=44748
18:38:22 [146/147] gap5/sprint-R-s unsupported covered=None cpu=46s maxsteps=44748
18:38:33 [147/147] gap5/sprint-R-p unsupported covered=None cpu=45s maxsteps=44748
18:38:33 done sha256=fc33cec9c5d610c8b8bfb1106f9255235b7f5c35252294bcf1af03b1319c3fc7 cpu=11731s wall=6091s
