16:57:51 [1/147] gap5/sprint-R-p unsupported covered=None cpu=47s maxsteps=44748
16:57:52 [2/147] gap5/sprint-R-s unsupported covered=None cpu=47s maxsteps=44748
16:58:40 [3/147] gap5/sprint-C-p unsupported covered=None cpu=46s maxsteps=44748
16:58:40 [4/147] gap5/sprint-R-n unsupported covered=None cpu=47s maxsteps=44748
16:59:27 [5/147] gap5/sprint-C-s unsupported covered=None cpu=45s maxsteps=44748
16:59:27 [6/147] gap5/sprint-C-n unsupported covered=None cpu=46s maxsteps=44748
17:00:14 [7/147] gap5/sprint-L-s unsupported covered=None cpu=46s maxsteps=44748
17:00:14 [8/147] gap5/sprint-L-p unsupported covered=None cpu=46s maxsteps=44748
17:01:00 [9/147] gap5/sprint-L-n unsupported covered=None cpu=45s maxsteps=44748
17:01:01 [10/147] gap5/walk-R-p unsupported covered=None cpu=45s maxsteps=44708
17:01:52 [11/147] gap5/walk-R-s unsupported covered=None cpu=46s maxsteps=44708
17:01:54 [12/147] gap5/walk-R-n unsupported covered=None cpu=47s maxsteps=44708
17:02:54 [13/147] gap5/walk-C-p unsupported covered=None cpu=50s maxsteps=44708
17:03:00 [14/147] gap5/walk-C-s unsupported covered=None cpu=50s maxsteps=44708
17:04:02 [15/147] gap5/walk-C-n unsupported covered=None cpu=51s maxsteps=44708
17:04:12 [16/147] gap5/walk-L-p unsupported covered=None cpu=53s maxsteps=44708
17:05:12 [17/147] gap5/walk-L-s unsupported covered=None cpu=52s maxsteps=44708
17:05:18 [18/147] gap5/walk-L-n unsupported covered=None cpu=50s maxsteps=44708
17:05:32 [19/147] gap5/rest-R unsupported covered=None cpu=15s maxsteps=39636
17:05:37 [20/147] gap5/rest-C unsupported covered=None cpu=14s maxsteps=39636
17:05:52 [21/147] gap5/rest-L unsupported covered=None cpu=15s maxsteps=39636
17:06:24 [22/147] turn/sprint-R-p supported covered=200 cpu=36s maxsteps=288
17:06:41 [23/147] turn/sprint-R-s supported covered=200 cpu=36s maxsteps=288
17:07:13 [24/147] turn/sprint-R-n supported covered=200 cpu=35s maxsteps=288
17:07:27 [25/147] turn/sprint-C-p supported covered=200 cpu=33s maxsteps=288
17:07:53 [26/147] turn/sprint-C-s supported covered=200 cpu=32s maxsteps=286
17:08:05 [27/147] turn/sprint-C-n supported covered=200 cpu=31s maxsteps=286
17:08:32 [28/147] turn/sprint-L-p supported covered=200 cpu=30s maxsteps=284
17:08:46 [29/147] turn/sprint-L-s supported covered=200 cpu=30s maxsteps=286
17:09:14 [30/147] turn/sprint-L-n supported covered=200 cpu=30s maxsteps=286
17:09:28 [31/147] turn/walk-R-p supported covered=200 cpu=31s maxsteps=286
17:09:55 [32/147] turn/walk-R-s supported covered=200 cpu=31s maxsteps=286
17:10:10 [33/147] turn/walk-R-n supported covered=200 cpu=32s maxsteps=286
17:10:32 [34/147] turn/walk-C-p supported covered=200 cpu=29s maxsteps=284
17:10:45 [35/147] turn/walk-C-s supported covered=200 cpu=30s maxsteps=284
17:11:04 [36/147] turn/walk-C-n supported covered=200 cpu=30s maxsteps=284
17:11:17 [37/147] turn/walk-L-p supported covered=200 cpu=31s maxsteps=284
17:11:36 [38/147] turn/walk-L-s supported covered=200 cpu=31s maxsteps=284
17:11:48 [39/147] turn/walk-L-n supported covered=200 cpu=30s maxsteps=284
