==== period 3
run aborted: ContractViolation navigation transition is not allowed: stopping + begin_execution
revision (12, (-0.5, 62.0, 4.5), ('needs_information', <ActionPreconditionReason.LANDING_LOWER_EVIDENCE_REQUIRED: 'landing_lower_evidence_required'>), 'accepted')
revision (15, (0.5, 62.0, 4.5), ('stopping', 'edge_probe_stopping'), 'accepted')
revision (18, (-0.5, 62.0, 4.5), ('stopping', 'edge_probe_stopping'), 'accepted')
revision (21, (0.5, 62.0, 4.5), ('executing', 'edge_probe_mode_exit_pending'), 'accepted')
revision (24, (-0.5, 62.0, 4.5), ('needs_information', <ActionPreconditionReason.LANDING_LOWER_EVIDENCE_REQUIRED: 'landing_lower_evidence_required'>), 'accepted')
revision (27, (0.5, 62.0, 4.5), ('stopping', 'edge_probe_stopping'), 'accepted')
revision (30, (-0.5, 62.0, 4.5), ('stopping', 'edge_probe_stopping'), 'accepted')
revision (33, (0.5, 62.0, 4.5), ('stopping', 'successor_route_waiting_for_motion'), 'accepted')
revision (36, (-0.5, 62.0, 4.5), ('stopping', 'navigation_internal_contract_failure'), 'accepted')
revision (39, (0.5, 62.0, 4.5), ('stopping', 'replacement_request_waits_for_handoff_evidence'), 'accepted')
revision (42, (-0.5, 62.0, 4.5), ('stopping', 'replacement_request_waits_for_handoff_evidence'), 'accepted')
revision (45, (0.5, 62.0, 4.5), ('stopping', 'replacement_request_waits_for_handoff_evidence'), 'accepted')
revision (48, (-0.5, 62.0, 4.5), ('stopping', 'replacement_request_waits_for_handoff_evidence'), 'accepted')
revision (51, (0.5, 62.0, 4.5), ('stopping', 'replacement_request_waits_for_handoff_evidence'), 'accepted')
revision (54, (-0.5, 62.0, 4.5), ('stopping', 'replacement_request_waits_for_handoff_evidence'), 'accepted')
revision (57, (0.5, 62.0, 4.5), ('stopping', 'replacement_request_waits_for_handoff_evidence'), 'accepted')
revision (60, (-0.5, 62.0, 4.5), ('stopping', 'goal_revision_waits_for_risk_action_terminal'), 'accepted')
revision (63, (0.5, 62.0, 4.5), ('stopping', 'goal_revision_waits_for_risk_action_terminal'), 'accepted')
revision (66, (-0.5, 62.0, 4.5), ('stopping', 'goal_revision_waits_for_risk_action_terminal'), 'accepted')
revision (69, (0.5, 62.0, 4.5), ('stopping', 'goal_revision_waits_for_risk_action_terminal'), 'accepted')
revision (72, (-0.5, 62.0, 4.5), ('stopping', 'goal_revision_waits_for_risk_action_terminal'), 'accepted')
revision (75, (0.5, 62.0, 4.5), ('stopping', 'replacement_request_waits_for_handoff_evidence'), 'accepted')
revision (78, (-0.5, 62.0, 4.5), ('stopping', 'replacement_request_waits_for_handoff_evidence'), 'accepted')
revision (81, (0.5, 62.0, 4.5), ('stopping', 'replacement_request_waits_for_handoff_evidence'), 'RAISED navigation transition is not allowed: stopping + begin_execution')
==== period 5
run aborted: ContractViolation navigation transition is not allowed: stopping + begin_execution
revision (12, (-0.5, 62.0, 4.5), ('needs_information', <ActionPreconditionReason.LANDING_LOWER_EVIDENCE_REQUIRED: 'landing_lower_evidence_required'>), 'accepted')
revision (17, (0.5, 62.0, 4.5), ('stopping', 'edge_probe_stopping'), 'accepted')
revision (22, (-0.5, 62.0, 4.5), ('needs_information', <ActionPreconditionReason.LANDING_LOWER_EVIDENCE_REQUIRED: 'landing_lower_evidence_required'>), 'accepted')
revision (27, (0.5, 62.0, 4.5), ('stopping', 'successor_route_waiting_for_motion'), 'accepted')
revision (32, (-0.5, 62.0, 4.5), ('stopping', 'navigation_internal_contract_failure'), 'accepted')
revision (37, (0.5, 62.0, 4.5), ('stopping', 'replacement_request_waits_for_handoff_evidence'), 'accepted')
revision (42, (-0.5, 62.0, 4.5), ('stopping', 'replacement_request_waits_for_handoff_evidence'), 'accepted')
revision (47, (0.5, 62.0, 4.5), ('stopping', 'replacement_request_waits_for_handoff_evidence'), 'accepted')
revision (52, (-0.5, 62.0, 4.5), ('stopping', 'replacement_request_waits_for_handoff_evidence'), 'accepted')
revision (57, (0.5, 62.0, 4.5), ('stopping', 'goal_revision_waits_for_risk_action_terminal'), 'accepted')
revision (62, (-0.5, 62.0, 4.5), ('stopping', 'goal_revision_waits_for_risk_action_terminal'), 'accepted')
revision (67, (0.5, 62.0, 4.5), ('stopping', 'goal_revision_waits_for_risk_action_terminal'), 'RAISED navigation transition is not allowed: stopping + begin_execution')
==== period 8
run aborted: ContractViolation navigation transition is not allowed: stopping + begin_execution
revision (12, (-0.5, 62.0, 4.5), ('needs_information', <ActionPreconditionReason.LANDING_LOWER_EVIDENCE_REQUIRED: 'landing_lower_evidence_required'>), 'accepted')
revision (20, (0.5, 62.0, 4.5), ('planning', 'edge_probe_stopped_for_replan'), 'accepted')
revision (28, (-0.5, 62.0, 4.5), ('needs_information', <ActionPreconditionReason.LANDING_LOWER_EVIDENCE_REQUIRED: 'landing_lower_evidence_required'>), 'accepted')
revision (36, (0.5, 62.0, 4.5), ('stopping', 'edge_probe_stopping'), 'accepted')
revision (44, (-0.5, 62.0, 4.5), ('stopping', 'navigation_internal_contract_failure'), 'accepted')
revision (52, (0.5, 62.0, 4.5), ('stopping', 'replacement_request_waits_for_handoff_evidence'), 'accepted')
revision (60, (-0.5, 62.0, 4.5), ('stopping', 'replacement_request_waits_for_handoff_evidence'), 'accepted')
revision (68, (0.5, 62.0, 4.5), ('stopping', 'replacement_request_waits_for_handoff_evidence'), 'accepted')
revision (76, (-0.5, 62.0, 4.5), ('stopping', 'goal_revision_waits_for_risk_action_terminal'), 'accepted')
revision (84, (0.5, 62.0, 4.5), ('stopping', 'goal_revision_waits_for_risk_action_terminal'), 'accepted')
revision (92, (-0.5, 62.0, 4.5), ('stopping', 'successor_route_waiting_for_motion'), 'accepted')
revision (100, (0.5, 62.0, 4.5), ('stopping', 'successor_route_waiting_for_motion'), 'RAISED navigation transition is not allowed: stopping + begin_execution')
==== period 13
stopping successor_route_waiting_for_motion 400 (-0.49, 64.0, 2.48) [(188, 'I4', 'unbounded wait in stopping/successor_route_waiting_for_motion')]
revision (12, (-0.5, 62.0, 4.5), ('needs_information', <ActionPreconditionReason.LANDING_LOWER_EVIDENCE_REQUIRED: 'landing_lower_evidence_required'>), 'accepted')
revision (25, (0.5, 62.0, 4.5), ('executing', 'tracking_fixed_route'), 'accepted')
revision (38, (-0.5, 62.0, 4.5), ('needs_information', <ActionPreconditionReason.LANDING_LOWER_EVIDENCE_REQUIRED: 'landing_lower_evidence_required'>), 'accepted')
revision (51, (0.5, 62.0, 4.5), ('executing', 'tracking_fixed_route'), 'accepted')
revision (64, (-0.5, 62.0, 4.5), ('executing', 'executing_safe_prefix_during_handoff'), 'accepted')
revision (77, (0.5, 62.0, 4.5), ('needs_information', <ActionPreconditionReason.LANDING_LOWER_EVIDENCE_REQUIRED: 'landing_lower_evidence_required'>), 'accepted')
revision (90, (-0.5, 62.0, 4.5), ('stopping', 'successor_route_waiting_for_motion'), 'accepted')
revision (103, (0.5, 62.0, 4.5), ('stopping', 'successor_route_waiting_for_motion'), 'accepted')
revision (116, (-0.5, 62.0, 4.5), ('stopping', 'successor_route_waiting_for_motion'), 'accepted')
revision (129, (0.5, 62.0, 4.5), ('stopping', 'successor_route_waiting_for_motion'), 'accepted')
revision (142, (-0.5, 62.0, 4.5), ('stopping', 'successor_route_waiting_for_motion'), 'accepted')
revision (155, (0.5, 62.0, 4.5), ('stopping', 'successor_route_waiting_for_motion'), 'accepted')
