15:44:58 [1/147] gap1/rest-C supported covered=200 cpu=88s maxsteps=24976
15:45:01 [2/147] gap1/rest-R supported covered=200 cpu=90s maxsteps=24990
15:45:05 [3/147] gap1/rest-L supported covered=200 cpu=94s maxsteps=24990
15:47:07 [4/147] gap1/walk-L-n supported covered=200 cpu=126s maxsteps=26061
15:47:13 [5/147] gap1/walk-L-s supported covered=200 cpu=129s maxsteps=25993
15:47:16 [6/147] gap1/walk-L-p supported covered=200 cpu=128s maxsteps=26085
15:49:19 [7/147] gap1/walk-C-n supported covered=200 cpu=130s maxsteps=26085
15:49:20 [8/147] gap1/walk-C-s supported covered=200 cpu=125s maxsteps=25973
15:49:28 [9/147] gap1/walk-C-p supported covered=200 cpu=130s maxsteps=26085
15:51:28 [10/147] gap1/walk-R-n supported covered=200 cpu=125s maxsteps=26085
15:51:34 [11/147] gap1/walk-R-s supported covered=200 cpu=128s maxsteps=25993
15:51:37 [12/147] gap1/walk-R-p supported covered=200 cpu=126s maxsteps=26061
15:53:30 [13/147] gap1/sprint-L-n supported covered=200 cpu=119s maxsteps=25967
15:53:42 [14/147] gap1/sprint-L-s supported covered=200 cpu=126s maxsteps=25971
15:53:44 [15/147] gap1/sprint-L-p supported covered=200 cpu=123s maxsteps=25971
15:55:33 [16/147] gap1/sprint-C-n supported covered=200 cpu=121s maxsteps=25925
15:55:45 [17/147] gap1/sprint-C-p supported covered=200 cpu=119s maxsteps=25925
15:55:48 [18/147] gap1/sprint-C-s supported covered=200 cpu=123s maxsteps=25925
15:57:42 [19/147] gap1/sprint-R-n supported covered=200 cpu=128s maxsteps=25971
15:57:55 [20/147] gap1/sprint-R-s supported covered=200 cpu=128s maxsteps=25971
15:57:56 [21/147] gap1/sprint-R-p supported covered=200 cpu=124s maxsteps=25967
15:59:06 [22/147] gap2/rest-L supported covered=200 cpu=82s maxsteps=27037
15:59:12 [23/147] gap2/rest-C supported covered=200 cpu=76s maxsteps=27027
15:59:22 [24/147] gap2/rest-R supported covered=200 cpu=85s maxsteps=27037
16:01:23 [25/147] gap2/walk-L-n supported covered=200 cpu=135s maxsteps=27559
16:01:30 [26/147] gap2/walk-L-s supported covered=200 cpu=136s maxsteps=27465
16:01:41 [27/147] gap2/walk-L-p supported covered=200 cpu=136s maxsteps=27567
16:03:41 [28/147] gap2/walk-C-n supported covered=200 cpu=134s maxsteps=27565
16:03:46 [29/147] gap2/walk-C-s supported covered=200 cpu=134s maxsteps=27463
16:03:57 [30/147] gap2/walk-C-p supported covered=200 cpu=133s maxsteps=27565
16:05:55 [31/147] gap2/walk-R-n supported covered=200 cpu=132s maxsteps=27567
16:06:03 [32/147] gap2/walk-R-s supported covered=200 cpu=134s maxsteps=27465
16:06:11 [33/147] gap2/walk-R-p supported covered=200 cpu=132s maxsteps=27559
16:08:02 [34/147] gap2/sprint-L-n supported covered=200 cpu=126s maxsteps=26920
16:08:08 [35/147] gap2/sprint-L-s supported covered=200 cpu=124s maxsteps=26763
16:08:14 [36/147] gap2/sprint-L-p supported covered=200 cpu=121s maxsteps=26928
16:09:59 [37/147] gap2/sprint-C-n supported covered=200 cpu=115s maxsteps=26918
16:10:07 [38/147] gap2/sprint-C-s supported covered=200 cpu=117s maxsteps=26753
16:10:09 [39/147] gap2/sprint-C-p supported covered=200 cpu=114s maxsteps=26918
16:11:53 [40/147] gap2/sprint-R-n supported covered=200 cpu=113s maxsteps=26928
16:12:07 [41/147] gap2/sprint-R-s supported covered=200 cpu=119s maxsteps=26763
16:12:08 [42/147] gap2/sprint-R-p supported covered=200 cpu=118s maxsteps=26920
16:12:50 [43/147] gap3/rest-L supported covered=200 cpu=56s maxsteps=31511
16:13:00 [44/147] gap3/rest-C supported covered=200 cpu=53s maxsteps=31509
16:13:04 [45/147] gap3/rest-R supported covered=200 cpu=55s maxsteps=31511
16:14:41 [46/147] gap3/walk-L-n supported covered=200 cpu=111s maxsteps=33499
16:14:50 [47/147] gap3/walk-L-s supported covered=200 cpu=109s maxsteps=33387
16:15:31 [48/147] gap3/walk-L-p supported covered=200 cpu=146s maxsteps=33499
16:16:29 [49/147] gap3/walk-C-n supported covered=200 cpu=106s maxsteps=33499
16:16:36 [50/147] gap3/walk-C-s supported covered=200 cpu=104s maxsteps=33385
16:17:19 [51/147] gap3/walk-C-p supported covered=200 cpu=107s maxsteps=33499
16:18:20 [52/147] gap3/walk-R-s supported covered=200 cpu=103s maxsteps=33387
16:18:48 [53/147] gap3/walk-R-n supported covered=200 cpu=137s maxsteps=33499
16:19:05 [54/147] gap3/walk-R-p supported covered=200 cpu=105s maxsteps=33499
16:19:56 [55/147] gap3/sprint-L-n supported covered=200 cpu=95s maxsteps=32819
16:20:26 [56/147] gap3/sprint-L-s supported covered=200 cpu=97s maxsteps=32695
16:20:44 [57/147] gap3/sprint-L-p supported covered=200 cpu=97s maxsteps=32817
16:21:32 [58/147] gap3/sprint-C-n supported covered=200 cpu=94s maxsteps=32817
16:22:00 [59/147] gap3/sprint-C-s supported covered=200 cpu=92s maxsteps=32695
16:22:20 [60/147] gap3/sprint-C-p supported covered=200 cpu=95s maxsteps=32817
16:23:06 [61/147] gap3/sprint-R-n supported covered=200 cpu=93s maxsteps=32817
16:23:33 [62/147] gap3/sprint-R-s supported covered=200 cpu=93s maxsteps=32695
16:23:53 [63/147] gap3/sprint-R-p supported covered=200 cpu=92s maxsteps=32819
16:24:14 [64/147] gap2c/rest-L supported covered=200 cpu=67s maxsteps=15068
16:24:34 [65/147] gap2c/rest-C supported covered=200 cpu=60s maxsteps=15076
16:24:59 [66/147] gap2c/rest-R supported covered=200 cpu=65s maxsteps=15068
16:25:49 [67/147] gap2c/walk-L-n supported covered=200 cpu=94s maxsteps=15455
16:26:17 [68/147] gap2c/walk-L-s supported covered=200 cpu=101s maxsteps=15410
16:26:43 [69/147] gap2c/walk-L-p supported covered=200 cpu=103s maxsteps=16527
16:27:33 [70/147] gap2c/walk-C-n supported covered=200 cpu=102s maxsteps=15451
16:28:02 [71/147] gap2c/walk-C-s supported covered=200 cpu=104s maxsteps=15402
16:28:26 [72/147] gap2c/walk-C-p supported covered=200 cpu=101s maxsteps=15451
16:29:19 [73/147] gap2c/walk-R-n supported covered=200 cpu=104s maxsteps=16527
16:29:46 [74/147] gap2c/walk-R-s supported covered=200 cpu=102s maxsteps=15410
16:30:04 [75/147] gap2c/walk-R-p supported covered=200 cpu=96s maxsteps=15455
16:30:54 [76/147] gap2c/sprint-L-n supported covered=200 cpu=94s maxsteps=15004
16:31:26 [77/147] gap2c/sprint-L-s supported covered=200 cpu=98s maxsteps=14939
16:31:42 [78/147] gap2c/sprint-L-p supported covered=200 cpu=97s maxsteps=16072
16:32:29 [79/147] gap2c/sprint-C-n supported covered=200 cpu=93s maxsteps=15004
16:33:01 [80/147] gap2c/sprint-C-s supported covered=200 cpu=94s maxsteps=14923
16:33:16 [81/147] gap2c/sprint-C-p supported covered=200 cpu=92s maxsteps=15004
16:34:05 [82/147] gap2c/sprint-R-n supported covered=200 cpu=95s maxsteps=16072
16:34:39 [83/147] gap2c/sprint-R-s supported covered=200 cpu=96s maxsteps=14939
16:34:54 [84/147] gap2c/sprint-R-p supported covered=200 cpu=97s maxsteps=15004
16:34:54 [85/147] jumpup/rest-L supported covered=200 cpu=48s maxsteps=10694
16:35:28 [86/147] jumpup/rest-C supported covered=200 cpu=49s maxsteps=10670
16:35:43 [87/147] jumpup/rest-R supported covered=200 cpu=48s maxsteps=10694
16:36:13 [88/147] jumpup/walk-L-n supported covered=200 cpu=78s maxsteps=8345
16:36:41 [89/147] jumpup/walk-L-s supported covered=200 cpu=72s maxsteps=8345
16:36:55 [90/147] jumpup/walk-L-p supported covered=200 cpu=72s maxsteps=8345
16:37:25 [91/147] jumpup/walk-C-n supported covered=200 cpu=71s maxsteps=8345
16:37:52 [92/147] jumpup/walk-C-s supported covered=200 cpu=69s maxsteps=8345
16:38:08 [93/147] jumpup/walk-C-p supported covered=200 cpu=72s maxsteps=8345
16:38:40 [94/147] jumpup/walk-R-n supported covered=200 cpu=74s maxsteps=8345
16:39:04 [95/147] jumpup/walk-R-s supported covered=200 cpu=72s maxsteps=8345
16:39:25 [96/147] jumpup/walk-R-p supported covered=200 cpu=76s maxsteps=8345
16:39:50 [97/147] jumpup/sprint-L-n supported covered=200 cpu=69s maxsteps=7658
16:40:14 [98/147] jumpup/sprint-L-s supported covered=200 cpu=69s maxsteps=7630
16:40:35 [99/147] jumpup/sprint-L-p supported covered=200 cpu=69s maxsteps=7678
16:41:00 [100/147] jumpup/sprint-C-n supported covered=200 cpu=69s maxsteps=7664
16:41:27 [101/147] jumpup/sprint-C-s supported covered=200 cpu=72s maxsteps=7624
16:41:51 [102/147] jumpup/sprint-C-p supported covered=200 cpu=75s maxsteps=7664
16:42:16 [103/147] jumpup/sprint-R-n supported covered=200 cpu=75s maxsteps=7678
16:42:40 [104/147] jumpup/sprint-R-s supported covered=200 cpu=73s maxsteps=7630
16:42:41 [105/147] turn/rest-L supported covered=200 cpu=25s maxsteps=278
16:43:06 [106/147] jumpup/sprint-R-p supported covered=200 cpu=74s maxsteps=7658
16:43:07 [107/147] turn/rest-C supported covered=200 cpu=27s maxsteps=280
16:43:09 [108/147] turn/rest-R supported covered=200 cpu=28s maxsteps=280
16:43:37 [109/147] turn/walk-L-n supported covered=200 cpu=30s maxsteps=284
16:43:38 [110/147] turn/walk-L-s supported covered=200 cpu=30s maxsteps=284
16:43:39 [111/147] turn/walk-L-p supported covered=200 cpu=29s maxsteps=284
16:44:08 [112/147] turn/walk-C-n supported covered=200 cpu=31s maxsteps=284
16:44:09 [113/147] turn/walk-C-s supported covered=200 cpu=31s maxsteps=284
16:44:10 [114/147] turn/walk-C-p supported covered=200 cpu=31s maxsteps=284
16:44:40 [115/147] turn/walk-R-n supported covered=200 cpu=32s maxsteps=286
16:44:40 [116/147] turn/walk-R-s supported covered=200 cpu=31s maxsteps=286
16:44:41 [117/147] turn/walk-R-p supported covered=200 cpu=31s maxsteps=286
