  D1: 100/8399
  D1: 200/8399
  D1: 300/8399
  D1: 400/8399
  D1: 500/8399
  D1: 600/8399
  D1: 700/8399
  D1: 800/8399
  D1: 900/8399
  D1: 1000/8399
  D1: 1100/8399
  D1: 1200/8399
  D1: 1300/8399
  D1: 1400/8399
  D1: 1500/8399
  D1: 1600/8399
  D1: 1700/8399
  D1: 1800/8399
  D1: 1900/8399
  D1: 2000/8399
  D1: 2100/8399
  D1: 2200/8399
  D1: 2300/8399
  D1: 2400/8399
  D1: 2500/8399
  D1: 2600/8399
  D1: 2700/8399
  D1: 2800/8399
  D1: 2900/8399
  D1: 3000/8399
  D1: 3100/8399
  D1: 3200/8399
  D1: 3300/8399
  D1: 3400/8399
  D1: 3500/8399
  D1: 3600/8399
  D1: 3700/8399
  D1: 3800/8399
  D1: 3900/8399
  D1: 4000/8399
  D1: 4100/8399
  D1: 4200/8399
  D1: 4300/8399
  D1: 4400/8399
  D1: 4500/8399
  D1: 4600/8399
  D1: 4700/8399
  D1: 4800/8399
  D1: 4900/8399
  D1: 5000/8399
  D1: 5100/8399
  D1: 5200/8399
  D1: 5300/8399
  D1: 5400/8399
  D1: 5500/8399
  D1: 5600/8399
  D1: 5700/8399
  D1: 5800/8399
  D1: 5900/8399
  D1: 6000/8399
  D1: 6100/8399
  D1: 6200/8399
  D1: 6300/8399
  D1: 6400/8399
  D1: 6500/8399
  D1: 6600/8399
  D1: 6700/8399
  D1: 6800/8399
  D1: 6900/8399
  D1: 7000/8399
  D1: 7100/8399
  D1: 7200/8399
  D1: 7300/8399
  D1: 7400/8399
  D1: 7500/8399
  D1: 7600/8399
  D1: 7700/8399
  D1: 7800/8399
  D1: 7900/8399
  D1: 8000/8399
  D1: 8100/8399
  D1: 8200/8399
  D1: 8300/8399
{
 "candidates": 8399,
 "scan_verified": 8399,
 "scan_not_verified": 0,
 "scan_status_histogram": {
  "VERIFIED_CANDIDATE": 8399
 },
 "scan_reason_histogram": {},
 "status_mismatch": 0,
 "reason_mismatch": 0,
 "critical_lazy_verified_where_scan_not": 0,
 "verified_not_equivalent": 0,
 "verified_interval_key_mismatch": 0,
 "verified_interval_count_mismatch": 0,
 "verified_with_intervals": 3512,
 "verified_with_2plus_intervals_in_a_branch": 0,
 "verified_dependency_set_mismatch": 0,
 "runahead_F1": {
  "status_mismatch": 0,
  "reason_mismatch": 0,
  "critical_lazy_verified_where_scan_not": 0,
  "verified_not_equivalent": 0,
  "step_total_mismatch_vs_strict": 0,
  "online_halt_mismatch_vs_strict": 0,
  "dependency_set_mismatch_vs_strict": 0,
  "rejected_with_fewer_permits_than_strict": 0,
  "rejected_with_more_permits_than_strict": 0
 },
 "minimal_mode_informational": {
  "status_mismatch": 0,
  "reason_mismatch": 0,
  "critical": 0,
  "verified_intervals_not_equivalent": 0
 }
}
