  D2: 100/8399
  D2: 200/8399
  D2: 300/8399
  D2: 400/8399
  D2: 500/8399
  D2: 600/8399
  D2: 700/8399
  D2: 800/8399
  D2: 900/8399
  D2: 1000/8399
  D2: 1100/8399
  D2: 1200/8399
  D2: 1300/8399
  D2: 1400/8399
  D2: 1500/8399
  D2: 1600/8399
  D2: 1700/8399
  D2: 1800/8399
  D2: 1900/8399
  D2: 2000/8399
  D2: 2100/8399
  D2: 2200/8399
  D2: 2300/8399
  D2: 2400/8399
  D2: 2500/8399
  D2: 2600/8399
  D2: 2700/8399
  D2: 2800/8399
  D2: 2900/8399
  D2: 3000/8399
  D2: 3100/8399
  D2: 3200/8399
  D2: 3300/8399
  D2: 3400/8399
  D2: 3500/8399
  D2: 3600/8399
  D2: 3700/8399
  D2: 3800/8399
  D2: 3900/8399
  D2: 4000/8399
  D2: 4100/8399
  D2: 4200/8399
  D2: 4300/8399
  D2: 4400/8399
  D2: 4500/8399
  D2: 4600/8399
  D2: 4700/8399
  D2: 4800/8399
  D2: 4900/8399
  D2: 5000/8399
  D2: 5100/8399
  D2: 5200/8399
  D2: 5300/8399
  D2: 5400/8399
  D2: 5500/8399
  D2: 5600/8399
  D2: 5700/8399
  D2: 5800/8399
  D2: 5900/8399
  D2: 6000/8399
  D2: 6100/8399
  D2: 6200/8399
  D2: 6300/8399
  D2: 6400/8399
  D2: 6500/8399
  D2: 6600/8399
  D2: 6700/8399
  D2: 6800/8399
  D2: 6900/8399
  D2: 7000/8399
  D2: 7100/8399
  D2: 7200/8399
  D2: 7300/8399
  D2: 7400/8399
  D2: 7500/8399
  D2: 7600/8399
  D2: 7700/8399
  D2: 7800/8399
  D2: 7900/8399
  D2: 8000/8399
  D2: 8100/8399
  D2: 8200/8399
  D2: 8300/8399
{
 "candidates": 8399,
 "scan_verified": 8399,
 "scan_not_verified": 0,
 "scan_status_histogram": {
  "VERIFIED_CANDIDATE": 8399
 },
 "scan_reason_histogram": {},
 "status_mismatch": 0,
 "reason_mismatch": 0,
 "critical_lazy_verified_where_scan_not": 0,
 "verified_not_equivalent": 0,
 "verified_interval_key_mismatch": 0,
 "verified_interval_count_mismatch": 0,
 "verified_with_intervals": 3513,
 "verified_with_2plus_intervals_in_a_branch": 0,
 "verified_dependency_set_mismatch": 0,
 "runahead_F1": {
  "status_mismatch": 0,
  "reason_mismatch": 0,
  "critical_lazy_verified_where_scan_not": 0,
  "verified_not_equivalent": 0,
  "step_total_mismatch_vs_strict": 0,
  "online_halt_mismatch_vs_strict": 0,
  "dependency_set_mismatch_vs_strict": 0,
  "rejected_with_fewer_permits_than_strict": 0,
  "rejected_with_more_permits_than_strict": 0
 },
 "minimal_mode_informational": {
  "status_mismatch": 0,
  "reason_mismatch": 0,
  "critical": 0,
  "verified_intervals_not_equivalent": 0
 }
}
