  D0: 100/8399
  D0: 200/8399
  D0: 300/8399
  D0: 400/8399
  D0: 500/8399
  D0: 600/8399
  D0: 700/8399
  D0: 800/8399
  D0: 900/8399
  D0: 1000/8399
  D0: 1100/8399
  D0: 1200/8399
  D0: 1300/8399
  D0: 1400/8399
  D0: 1500/8399
  D0: 1600/8399
  D0: 1700/8399
  D0: 1800/8399
  D0: 1900/8399
  D0: 2000/8399
  D0: 2100/8399
  D0: 2200/8399
  D0: 2300/8399
  D0: 2400/8399
  D0: 2500/8399
  D0: 2600/8399
  D0: 2700/8399
  D0: 2800/8399
  D0: 2900/8399
  D0: 3000/8399
  D0: 3100/8399
  D0: 3200/8399
  D0: 3300/8399
  D0: 3400/8399
  D0: 3500/8399
  D0: 3600/8399
  D0: 3700/8399
  D0: 3800/8399
  D0: 3900/8399
  D0: 4000/8399
  D0: 4100/8399
  D0: 4200/8399
  D0: 4300/8399
  D0: 4400/8399
  D0: 4500/8399
  D0: 4600/8399
  D0: 4700/8399
  D0: 4800/8399
  D0: 4900/8399
  D0: 5000/8399
  D0: 5100/8399
  D0: 5200/8399
  D0: 5300/8399
  D0: 5400/8399
  D0: 5500/8399
  D0: 5600/8399
  D0: 5700/8399
  D0: 5800/8399
  D0: 5900/8399
  D0: 6000/8399
  D0: 6100/8399
  D0: 6200/8399
  D0: 6300/8399
  D0: 6400/8399
  D0: 6500/8399
  D0: 6600/8399
  D0: 6700/8399
  D0: 6800/8399
  D0: 6900/8399
  D0: 7000/8399
  D0: 7100/8399
  D0: 7200/8399
  D0: 7300/8399
  D0: 7400/8399
  D0: 7500/8399
  D0: 7600/8399
  D0: 7700/8399
  D0: 7800/8399
  D0: 7900/8399
  D0: 8000/8399
  D0: 8100/8399
  D0: 8200/8399
  D0: 8300/8399
{
 "candidates": 8399,
 "scan_verified": 8399,
 "scan_not_verified": 0,
 "scan_status_histogram": {
  "VERIFIED_CANDIDATE": 8399
 },
 "scan_reason_histogram": {},
 "status_mismatch": 0,
 "reason_mismatch": 0,
 "critical_lazy_verified_where_scan_not": 0,
 "verified_not_equivalent": 0,
 "verified_interval_key_mismatch": 0,
 "verified_interval_count_mismatch": 0,
 "verified_with_intervals": 3505,
 "verified_with_2plus_intervals_in_a_branch": 0,
 "verified_dependency_set_mismatch": 0,
 "runahead_F1": {
  "status_mismatch": 0,
  "reason_mismatch": 0,
  "critical_lazy_verified_where_scan_not": 0,
  "verified_not_equivalent": 0,
  "step_total_mismatch_vs_strict": 0,
  "online_halt_mismatch_vs_strict": 0,
  "dependency_set_mismatch_vs_strict": 0,
  "rejected_with_fewer_permits_than_strict": 0,
  "rejected_with_more_permits_than_strict": 0
 },
 "minimal_mode_informational": {
  "status_mismatch": 0,
  "reason_mismatch": 0,
  "critical": 0,
  "verified_intervals_not_equivalent": 0
 }
}
